1. The window: push_back, and pop_front once it is full
   reading  30   window [30]             mean  30.00
   reading  10   window [30, 10]         mean  20.00
   reading  50   window [30, 10, 50]     mean  30.00
   reading  20   window [10, 50, 20]     mean  26.67
   reading  40   window [50, 20, 40]     mean  36.67
   Two O(1) operations per reading, and no element ever moves: the
   evicted one is forgotten by bumping `head`, and the new one is
   written into the slot it just left.

2. The bug: reading the ring through as_slices().0
   step 1  as_slices ([30], [])
           iter()  30.00   as_slices().0  30.00
   step 2  as_slices ([30, 10], [])
           iter()  20.00   as_slices().0  20.00
   step 3  as_slices ([30, 10, 50], [])
           iter()  30.00   as_slices().0  30.00
   step 4  as_slices ([10, 50], [20])
           iter()  26.67   as_slices().0  20.00  <- WRONG
   step 5  as_slices ([50], [20, 40])
           iter()  36.67   as_slices().0  16.67  <- WRONG
   The first eviction is where it starts: from then on the contents wrap,
   `.0` is only the piece up to the end of the buffer, and the sum quietly
   drops whatever came after it. Nothing panics, no index is out of range,
   and the number is merely wrong. Use `iter()`, `range(..)` or the
   `(front, back)` pair — never `.0` alone.

3. The second bug: sorting the window in place
   window before [50, 20, 40]   oldest reading is Some(50)
   median from a copy: 40   window untouched [50, 20, 40]
   median in place:    40   window now      [20, 40, 50]
   `make_contiguous()` hands back `&mut [T]`, so sorting through it
   reorders the deque itself — and the front is no longer the oldest
   reading. The next eviction then drops the wrong one:
   after reading  60:  correct [20, 40, 60]   after sorting in place [40, 50, 60]
   Sort a copy when the deque is a queue; sort in place only when the
   order was never carrying meaning.

4. The same window on a Vec, and what it costs
   Vec version      [50, 20, 40]   same answers, and it derefs to a slice, so
   `v.iter()`, `v.sort()` and `&v[..]` all work with no ceremony.
   remove(0): buffer pointer unchanged (true), but v[0] went 50 -> 20
   That is the difference in one line. The Vec keeps the same allocation
   and shifts every surviving element down a slot — O(n) per reading. The
   VecDeque moves nothing and bumps an index instead. For a window of 3
   that is noise; for a queue of a million it is the whole cost.
   Reach for a Vec anyway when only the BACK is busy: it is one word
   smaller, and everything on the slice page applies to it directly.
