Step 1. Is &str the same size as &String?
   size_of::<&str>() == size_of::<&String>():     false
   size_of::<&str>() == 2 * size_of::<&String>(): true   (address + length)

Step 2. For s: String and v: Vec<i32>, what types are *s and *v?
   *s : str
   *v : [i32]

Step 3. Ticket is not Clone. After `let b = a;` is `a` still usable?
   yes: a.seat = 12, b.seat = 12   (&Ticket is Copy)

Step 4. What type does each clone return?
   name.clone()      name: &str    -> &str
   r.clone()         r: &String    -> alloc::string::String
   Clone::clone(&r)                -> &alloc::string::String

Step 5. What is 42_i32.to_owned()? Is (&ticket).to_owned() a new ticket?
   42_i32.to_owned() -> i32 42
   a.to_owned() is the same address as a: true   (it is a &Ticket)

Step 6. What does each .to_owned() turn into?
   "hi".to_owned()                   -> alloc::string::String
   [1_i32, 2][..].to_owned()         -> alloc::vec::Vec<i32>
   Path::new("notes.txt").to_owned() -> std::path::PathBuf

Step 7. Strong count after Rc::to_owned? Variant after Cow::to_owned?
   Rc::strong_count = 2, same allocation: true
   Cow::Borrowed(..).to_owned() -> Cow::Borrowed

Step 8. Does seats.get("Ada") compile on a HashMap<String, u32>?
   yes, because String: Borrow<str> -> Some(3)

Step 9. Does clone_into change a roomy buffer's capacity?
   capacity unchanged: true, buf = "reuse me"

Step 10. NameRef derives Clone and has an inherent to_owned. What comes back?
   view.to_owned()          -> Name    { first: "Ada" }   the inherent method
   ToOwned::to_owned(&view) -> NameRef { first: "Ada" }   the blanket impl
