1. Joining two names
   format!("{first} {last}")     "Ada Lovelace"
   first.to_owned() + " " + last   "Ada Lovelace"
   String::from(first) + " " + last  "Ada Lovelace"
   All three allocate exactly one buffer, and all three leave
   first = "Ada" and last = "Lovelace" usable afterwards.
   Only format! reads in the order the finished sentence does.

2. The one impl there is: String + &str
   left        right      compiles   why
   String      &str       yes        the left buffer is taken and grown
   String      String     NO         E0308 — expected `&str`, borrow the right
   &str        &str       NO         E0369 — neither side owns a buffer
   &str        String     NO         E0369 — the left side still owns nothing

3. What `+` does to its left operand
   capacity before 32, after 32
   same heap buffer reused: true
   "Ada Lovelace"
   The answer IS the left buffer, grown — which is why `+` consumes it,
   and why the right side, being only borrowed, survives: "Lovelace"

4. `+=` is push_str wearing an operator
   "Hello, Ada!"

5. More than two pieces
   parts.concat()        "AdaBenCara"
   parts.join(", ")      "Ada, Ben, Cara"
   owned.join(" | ")     "Ada | Ben | Cara"
   Both take a slice of &str OR of String, and both size the buffer
   up front — which a chain of `+` cannot do.

6. The three refusals, and the one fact under them
   &str  + &str     E0369   neither side owns a buffer to grow
   String + String  E0308   the one impl is Add<&str>; borrow the right
   &str  += &str    E0368   same missing buffer, assignment spelling
   All three say one thing: `+` grows its LEFT operand, so the left
   operand has to be something that owns bytes.

6b. The right operand is usually a &String, not a &str
   String + &String -> "Hello, world!"
   The impl is Add<&str>. &String is not &str, but deref coercion
   converts it at the argument position, so the call goes through.
   Coercion is a call-site conversion, NOT an extra impl — which is
   why <String as Add<&String>>::Output cannot be named: E0277.

7. Which to reach for
   two or three known pieces        -> format!
   a whole collection               -> .join(sep) / .concat()
   a left value you are done with   -> + , and let it eat the buffer
   appending in a loop              -> push_str — see Building a String
