The four fixes, on "Cara : ada : Ben"

1. Vec<String>      ["cara", "ada", "ben"]
   Allocates the lowercase copy, one String per piece, and the Vec.
   Works for any transformation, and the result borrows nothing, so
   it outlives everything it was made from.

2. Vec<&str>, caller owns the lowercase copy
   ["cara", "ada", "ben"]
   Allocates one String at the call site, plus the Vec. The body of
   the function did not change at all: what changed is WHERE the
   lowercase copy lives, and now it outlives the call.

3. Vec<&str>, no new text at all
   ["Cara", "ada", "Ben"]
   Allocates the Vec and nothing else — no character was copied.
   `trim` hands back a slice OF its argument, which is the only kind
   of transformation a borrowing pipeline can do: `to_lowercase`,
   `to_uppercase` and `replace` each build a new String, and that
   String has to belong to somebody.

4. Vec<Cow<str>>    ["cara", "ada", "ben"]
   1 of the 3 pieces borrowed. Only a piece that really held a
   capital letter paid for a String — which is what `Cow` is for when
   most of the input is already the thing you wanted.

The rule underneath all four:
  a Vec<&str> is a Vec of borrows, so it is only ever as long-lived
  as the text it points into. Ask where that text lives, and the
  choice between &str and String makes itself.
