
──── Step 1: The six kinds of zero
  char   variant                          sums as
   0     rated                            0
   -     blank                            0
   ~     section skipped                  0
   &     declined                         0
   ?     unreadable                       0
   %     unreadable + corrected           0
      Every row adds zero to the total. Six different things
      happened, and a report that says only "0" has lost five of them.

──── Step 2: Option can tell two of them apart, and that is all
  Option<Stars>  [Some(Zero), None, None, None, None, None]
      Some(Stars(0)) is the person who wrote a zero. The five Nones
      are five different people, and Option has one shape for all
      of them. `Option` is not "the maybe type" — it is a sum type
      with exactly two variants, and you have six cases.

──── Step 3: Two tempting wrong turns
  sentinel u8    [0, 255, 254, 253, 252, 251]
      Works until somebody sums the column. 255 is a NUMBER; the
      compiler will happily add it to a total, and 0..=5 no longer
      describes the type. You have widened the thing you narrowed.
  parallel flags ratings [0, 0, 0, 0, 0, 0] is_marker [false, true, true, true, true, true]
      Two Vecs that must be edited together — the desync bug from
      the record lesson, reintroduced. And it still cannot say WHICH
      marker, so a third parallel Vec is coming.

──── Step 4: The enum, and a projection that is lossy on purpose
  row  5,-,3,~,?,%
    cell 0  rated                    -> sums 5   paper-only: false
    cell 1  blank                    -> sums 0   paper-only: false
    cell 2  rated                    -> sums 3   paper-only: false
    cell 3  section skipped          -> sums 0   paper-only: true
    cell 4  unreadable               -> sums 0   paper-only: true
    cell 5  unreadable + corrected   -> sums 0   paper-only: true
  total = 8
      sum_value() throws five distinctions away, and that is
      correct — the arithmetic genuinely does not care. The type
      keeps what the projection discards, so the audit still can.

──── Step 5: The report the type makes possible
  Paper: 12 cells, 6 non-ratings, 4 of them paper-only
  Online: 12 cells, 3 non-ratings, 0 of them paper-only
      Pooled, that reads "paper respondents are sloppier." Split, it reads
      "only paper respondents CAN produce four of the six marks." Same
      numbers, opposite conclusion — which is why the channel has to
      be in the type too, not in a comment.

──── Step 6: What it costs
  size_of::<Stars>()          = 1
  size_of::<Mark>()           = 1
  size_of::<Option<Mark>>()   = 1
      Six rating values plus five markers is eleven states, and a byte
      holds 256. Option<Mark> is still one byte, because the compiler
      parks None in a bit pattern Mark never uses. Remembering all six
      distinctions costs exactly nothing over storing the digit.
