
──── Part 1: the semicolon that changed the type
  fn mean(scores: &[u32]) -> u32 {
      let total: u32 = scores.iter().sum();
      let n = scores.len() as u32;
      total / n;          <- one character, and the body is ()
  }

  error[E0308]: mismatched types
     |    ------            ^^^ expected `u32`, found `()`
     |    |
     |    implicitly returns `()` as its body has no tail
     |    or `return` expression
     |     total / n;
     |              - help: remove this semicolon to return this value

  Read the help line: rustc is not asking for a `return`. The body
  is a block, the block's value is its tail, and a semicolon threw
  the tail away. Without it:
      mean(&[5, 3, 4]) = 4

──── Part 2: the builder that hands out something immutable
  cutoff 4 -> ["Ada", "Cara", "Dev"]
  `mut` lived for six lines inside the block. The binding that
  escaped is plain, so nothing below can push to it.

──── Part 3: the branch that IS the value
  turnout  61% -> quorate
  turnout  50% -> quorate
  turnout  12% -> void
  No `mut`, no placeholder value, and the compiler checks that
  every arm produced one — a missing `else` would not compile.

──── Part 4: the borrow that ends where you say
  top before the push: 5
  ballots now: [5, 3, 4, 9]

  Since 2018 a borrow usually ends at its last USE, so most code
  no longer needs this. It is still the tool when the compiler
  disagrees with you about where the last use was.
