1. The call that printed its own receipt
   println!("{:?}", a.reverse())  prints  ()
   and a is now ['z', 'c', 'x'] — it DID reverse. You printed the receipt.
   reverse() writes the answer back into the receiver and hands
   you (), the unit value. Nothing was lost; nothing was returned.

2. Three ways to make the same mistake, and who catches each
   a.reverse().len()      rustc, immediately:
     error[E0599]: no method named `len` found for unit type `()`
   let x = a.reverse();   clippy, not rustc:
     warning: this let-binding has unit value [let_unit_value]
   println!("{:?}", a.reverse())   NOBODY.
   Verified on rustc 1.98.0: silent under -W warnings, and silent
   under clippy::all + pedantic + nursery. The lint is on the LET,
   so calling inside the println! steps around the one tool that
   would have told you.

3. Why it prints instead of failing — and why an ARRAY makes it likelier
   () implements Debug, so {:?} accepts it. It does NOT implement
   Display, so println!("{}", a.reverse()) is E0277 and safe:
     error[E0277]: `()` doesn't implement `std::fmt::Display`
     note: in format strings you may be able to use `{:?}` instead
   Read that note again. The one diagnostic standing between you
   and the silent version RECOMMENDS the silent version — it is
   answering a formatting question, and it is right about that.
   An array does not implement Display either, so printing one
   REQUIRES {:?} anyway. The formatter a beginner is pushed into
   from both directions is the one that swallows the unit value.

4. Nor is #[must_use] the missing guard
   must_use fires when a return value is DISCARDED. Here it was not
   discarded — it was printed, and the real answer went into the
   receiver. There is no value being ignored for a lint to notice.

5. The three right answers
   mutate, then look:  b.reverse(); b -> ['z', 'c', 'x']
   ask for a new one:  c.iter().rev() -> ['z', 'c', 'x'], c still ['x', 'c', 'z']
   copy, then mutate:  snapshot ['z', 'c', 'x'], original ['x', 'c', 'z']
   That third one is an ARRAY privilege: [char; 3] is Copy, so
   `let mut snapshot = original;` duplicates all three elements and
   the original keeps its name. A Vec is not Copy — the same line
   MOVES it, and you need .clone() to get the snapshot back.

6. The same split, named twice in std
   in place, returns ()      returns a new value
   ---------------------     -----------------------------
   slice::reverse            Iterator::rev
   slice::sort               (collect the sorted iterator)
   str::make_ascii_uppercase str::to_ascii_uppercase
   Vec::push / clear / dedup Vec::iter().filter().collect()
   The naming is the tell: an imperative verb mutates, and the
   to_/into_/iter_ forms hand something back.
