1. The bug a slice removes
   first_word_index(&s) = 5       <- a bare usize
   s.clear()   ->   s = "", 0 bytes
   `end` is still 5, indexing text that is gone. Nothing warned.
   first_word() cannot reach here: holding its &str freezes `s` (E0502).

2. What a slice is made of
   s      String   "hello world"   len 11   capacity 11
   hello  &str     "hello"         len 5
   world  &str     "world"         len 5   <- points at byte 6
   size_of::<&str>()    = 16   (pointer + length, no capacity)
   size_of::<String>()  = 24   (pointer + length + capacity)
   first_word(&s) = "hello"   <- borrowed from `s`, nothing copied

3. The range shorthands name the same slice
   &s[0..5]  "hello"        &s[..5]  "hello"
   &s[6..11] "world"        &s[6..]  "world"
   &s[0..11] "hello world"  &s[..]   "hello world"

4. The indices are BYTES — the one way a slice panics
   "bete noir"   9 bytes, 9 chars   <- ASCII: they agree
   "bête noir"   10 bytes, 9 chars   <- they do not
      byte 0 -> 'b' (1 byte(s))
      byte 1 -> 'ê' (2 byte(s))
      byte 3 -> 't' (1 byte(s))
      byte 4 -> 'e' (1 byte(s))
   &accented[0..2] PANICKED — byte 2 is inside 'ê', not a boundary
   accented.get(0..2) = None      <- the total version: no panic
   accented.get(0..3) = Some("bê")   <- 3 is a boundary
   is_char_boundary: 2 -> false, 3 -> true

5. A literal is already a slice
   literal        &'static str   "hello world"
   &literal[..5]  &str           "hello"   <- slicing a literal needs no String
   first_word(literal)      = "hello"
   first_word(&s)           = "hello"   <- &String coerced to &str
   first_word(&s[6..])      = "world"   <- a slice of a slice

6. Slices are not a string feature
   let a = [1, 2, 3, 4, 5];
   &a[1..3] = [2, 3]   len 2
   size_of::<&[i32]>() = 16   <- same two words as &str
   &str is to String what &[T] is to Vec<T>: the borrowed view of the owned buffer.
