1. continue skips the rest of this pass; for still advances
   visited [0, 1, 2, 3, 4, 5, 6, 7, 8, 9]
   sum of the odd ones = 25
   Every n was visited: the range hands out the next number
   whether or not the body finished.

2. while: a continue above the increment never reaches it
   stopped by a 20-pass safety cap, not by the loop condition
   (pass, i): [(3, 2), (10, 2), (20, 2)]
   total = 11   <- 5 and 6 were never added
   increment moved above the continue: total = 22
   the same loop as a for:            total = 22

3. continue in loop jumps back to the top; let-else makes the test
   [("width", "80"), ("height", "24")]

4. continue has type !, so it fits in a match arm
   ["12", "x", "30", "", "7"] -> [12, 30, 7]

5. filter is `if not wanted { continue; }` as an adapter
   (0..10).filter(odd).sum()          = 25
   readings.filter(r >= 0).sum()      = 22
   raw.filter_map(parse.ok()).collect = [12, 30, 7]

6. In for_each, return is the continue; in a for body it leaves the function
   for_each with return: [1, 3, 5]
   for with return:      [1, 3]
