1. open reads what is there, so on a file that is not there it fails
   File::open(notes)            Err(NotFound)

2. create makes the file, and write_all puts bytes in it
   File::create(notes)          0 bytes on disk
   after two write_all calls    23 bytes
   File::open + read_to_string  "first line\nsecond line\n"
   fs::read_to_string(notes)    the same two steps as one call: true

3. The trap: create empties the file at open, before anything is written
   File::create on the 23-byte file, nothing written yet: 0 bytes
   The old contents are already gone. A crash between this open and the
   last write leaves an empty file, and no copy of what was there.

4. What the two doors are made of, and what the builder adds
   File::open   = OpenOptions::new().read(true)
   File::create = OpenOptions::new().write(true).create(true).truncate(true)
   append(true), two writeln!   "first line\nsecond line\nthird line\n"
   create_new(true), file exists   Err(AlreadyExists)
   create_new(true), fresh name    Ok(File)
   write(true), file missing       Err(NotFound)
   append(true), file missing      Err(NotFound)  <- append does not imply create
   no mode at all                  Err(InvalidInput)

5. The error does not carry the path
   Display   No such file or directory (os error 2)
   kind()    NotFound
   put back by hand: settings.toml: No such file or directory (os error 2)

6. A BufWriter holds your bytes until it is flushed
   after write_all, before flush  0 bytes on disk
   after flush()                  10 bytes

7. Scratch directory removed: true
