The error COUNT is not the work count.

  7 errors   as it arrives
  4 errors   after edit 1: `name: str` -> `name: String`
  2 errors   after edit 2: drop derived Default, add PartialEq
  0 errors   after edit 3: impl Display, and name every field

Edit 1 removed THREE of the seven, because one root cause produced them:
  E0277  str doesn't have a size known at compile-time   (x2)
  E0277  the trait bound `str: Default` is not satisfied
An unsized field poisons every derive that has to touch it. Chasing the
three separately would have been three investigations of one mistake.

Edit 2 removed two more, and they were unrelated to each other:
  E0119  conflicting implementations of `Default`  — derive AND impl
  E0277  can't compare `Voter` with `Voter`        — Eq without PartialEq
Keeping the hand-written Default is the right call: it knows a domain
default the derive could never guess.
  Voter::default() = seat 0 — unregistered
  ...where the derive would have said name: "", seat: 0

Edit 3 was the only one rustc could not write for you:
  E0063  missing field `name`   — it named the field
  E0277  doesn't implement Display — it suggested {:?} instead
The suggestion is a real option, and often the right one. Choosing to
write Display means you decided a human reads this type.
  Display: seat 7 — Ada
  Debug:   Voter { name: "Ada", seat: 7 }
  and the pair now compares: true

The habit: read all seven before editing any of them, and group them by
root cause. rustc reports every error it can reach in one pass — it is not
a queue to be worked one at a time.
