1. Two lengths, one string
   "Hello 🦀!"
   len()          11   <- bytes, what the heap holds
   chars().count() 8   <- Unicode scalars, what you meant
   The gap is one crab: 🦀 is 4 bytes and 1 char.

2. Every second character
   alternate("Hello 🦀!")      = "Hlo🦀"
   alternate("abcdefgh")     = "aceg"
   step_by(2) counts *characters*, so the crab is never cut in half.

3. Bytes above 127
    4 of 11 bytes are non-ASCII   "Hello 🦀!"
    0 of 11 bytes are non-ASCII   "plain ascii"
    2 of  5 bytes are non-ASCII   "café"
   15 of 15 bytes are non-ASCII   "こんにちは"
   A byte > 127 is never a whole character on its own: it is a lead
   byte or a continuation byte of a 2-, 3- or 4-byte sequence.

4. chars().enumerate() — the counter runs 0,1,2,…
   0  'H'
   1  'e'
   2  'l'
   3  'l'
   4  'o'
   5  ' '
   6  '🦀'
   7  '!'

5. char_indices() — the index is a BYTE offset
    0  'H'  (1 byte)
    1  'e'  (1 byte)
    2  'l'  (1 byte)
    3  'l'  (1 byte)
    4  'o'  (1 byte)
    5  ' '  (1 byte)
    6  '🦀'  (4 bytes)
   10  '!'  (1 byte)

The two side by side:
   enumerate  char_indices  char
           0             0  'H'
           1             1  'e'
           2             2  'l'
           3             3  'l'
           4             4  'o'
           5             5  ' '
           6             6  '🦀'
           7            10  '!'
   They agree until the first multibyte character and never again.
   Only the char_indices number can be handed to &s[..i]; the
   enumerate number is a position in a sequence, not an offset.
