error[E0726]: implicit elided lifetime not allowed here
 --> ignores_generics/src/main.rs:4:8
  |
4 | struct Wrapper<'a, T: Clone, const N: usize>
  |        ^^^^^^^ expected lifetime parameter
  |
help: indicate the anonymous lifetime
  |
4 | struct Wrapper<'_><'a, T: Clone, const N: usize>
  |               ++++

error[E0107]: missing generics for struct `Wrapper`
 --> ignores_generics/src/main.rs:4:8
  |
4 | struct Wrapper<'a, T: Clone, const N: usize>
  |        ^^^^^^^ expected 2 generic arguments
  |
note: struct defined here, with 2 generic parameters: `T`, `N`
 --> ignores_generics/src/main.rs:4:8
  |
4 | struct Wrapper<'a, T: Clone, const N: usize>
  |        ^^^^^^^     -         --------------
help: add missing generic arguments
  |
4 | struct Wrapper<T, N><'a, T: Clone, const N: usize>
  |               ++++++

Some errors have detailed explanations: E0107, E0726.
For more information about an error, try `rustc --explain E0107`.
error: could not compile `ignores_generics` (bin "ignores_generics") due to 2 previous errors
