1. When the error needs to say WHERE
   chain -> Err("invalid digit found in string")
   loop  -> Err("row 3: invalid digit found in string (found \"no\")")
   Both stop at the same row. Only the loop still knows which row it
   was, because `?` inside a closure returns from the CLOSURE — so a
   chain that wants the index has to carry it through every stage.
   `enumerate` plus a loop says it once.

2. When the work list grows while you drain it
   visited [1, 3, 7, 6, 2, 5, 4, 9, 8]
   No iterator can express this: an iterator borrows the collection
   for as long as it lives, so pushing while iterating is E0502.
   `while let Some(x) = stack.pop()` takes one item and gives the
   borrow straight back, which is why every worklist, BFS and
   graph walk in Rust is a loop.

3. When you need out of TWO levels at once
   labelled break -> Some((1, 1))
   find_map       -> Some((1, 1))
   Same answer, and here the chain is arguably nicer. It stops being
   nicer the moment the inner loop also has to update something
   outside it — `find_map`'s closure cannot both search and mutate.

4. When one pass has to answer several questions
   loop  -> sum 15, zeros 1, best 5
   fold  -> sum 15, zeros 1, best 5
   Identical answers. The fold is one expression and the loop is six
   lines, and most readers get the loop faster — a tuple accumulator
   with three fields is where the fluent style stops paying.

5. And the other direction, honestly
   chain -> ["BERNADETTE", "CARA"]
   loop  -> ["BERNADETTE", "CARA"]
   One line against five, no state to misread, and the `mut` and the
   empty Vec never exist. When the body is transform-and-keep, the
   chain wins outright — which is most of the time.

6. What is NOT a reason to pick either
   Speed. Both compile to the same loop: the adapters are structs
   with inlined `next` methods and the optimizer flattens them. If a
   chain is slower it is because it allocates (an intermediate
   collect) or clones, not because it is a chain.
