1. `&Vec<Vec<T>>` is one deref from `&[Vec<T>]`
   widest_vecs(&nested)   = 4
   The coercion rewrites the OUTER reference only: Vec<Vec<i32>>
   derefs to [Vec<i32>]. It never reaches inside the element, so
   widest_slices(&nested) is error[E0308] — expected &[&[i32]].

2. Because a `Vec<i32>` row and a `&[i32]` row are not the same bytes
   size_of::<Vec<i32>>() = 3 words (pointer, capacity, length)
   size_of::<&[i32]>()   = 2 words (pointer, length)
   Two different layouts, so there is no reinterpretation to make.
   A new row array has to be built, and that is an allocation.

3. What the conversion costs
   nested.iter().map(|v| v.as_slice()).collect::<Vec<&[i32]>>()
     1 allocation(s) — 3 rows x 2 words of pointer-and-length
   then calling widest_slices on it: 0 allocation(s), answer 4
   The row DATA is not copied — only the pointer-and-length pairs.
   `nested` is still here, unchanged: 3 rows

4. `&[R] where R: AsRef<[i32]>` accepts all three, unconverted
   Vec<Vec<i32>>  -> 4
   [[i32; 3]; 2]  -> 3
   Vec<&[i32]>    -> 4
   total allocations for all three calls: 0

5. When the rows really are borrowed from somewhere else
   flat.chunks(3).collect::<Vec<&[i32]>>() -> [[1, 2, 3], [4, 5, 6], [7, 8, 9]]
   Here no `Vec<Vec<i32>>` ever existed: the rows are views into
   one buffer, widths [3, 3, 3], and `&[&[i32]]` is what they are.
   widest_slices(&windows) = 3

6. Choosing
   rows you own, one caller      -> &[Vec<i32>]        no conversion
   rows borrowed from a buffer   -> &[&[i32]]          no conversion
   a library, or several callers -> &[R: AsRef<[i32]>] no conversion
   Build a Vec<&[i32]> only when the CALLER already has one.
