The bug: calling a by-value function twice.
    let r = Reading { .. };
    report(r); report(r);
    error[E0382]: use of moved value: `r`

Fix 1 — derive Copy. The call sites do not change at all.
    p7 turnout 431
    p7 turnout 431   <- same `r`, copied again

Fix 2 — clone at the call site. Visible, and it costs.
    p7 turnout 431

Fix 3 — take a reference. Nothing is duplicated at all.
    p7 turnout 431

Which to ship? Fix 3, then Fix 1, and Fix 2 last.
  A reference asks for the least and copies nothing, so it is the
  default. Copy is right for a small, plain-data value where the
  `&` would be noise. Clone at a call site is the one to justify:
  it is a real allocation, and it is often papering over a signature
  that should have taken `&` in the first place.

Round 2 — swap `precinct` to a String, and one fix disappears.
    #[derive(Copy)] is now:
      error[E0204]: the trait `Copy` cannot be implemented for this type
        this field does not implement `Copy`
    ...because Copy is a bit-for-bit duplicate, and duplicating a
    String's pointer would give two owners of one allocation.
    That is the double-free `Copy` exists to make unrepresentable.

    So only two fixes remain:
      clone     Riverside turnout 431
      reference Riverside turnout 431
      and `n` is still alive: Named { precinct: "Riverside", turnout: 431 }

The rule to carry away:
  Copy is not 'cheap to duplicate' — it is 'duplicating is JUST a
  memcpy, with nobody owning anything afterwards'. Any field that
  owns a resource makes that false for the whole struct.
