1. Same seed, same sequence — asserted, not eyeballed
   A: [7, 4, 15, 3, 2]
   B: [7, 4, 15, 3, 2]
   assert_eq!(A, B) passed — reproducibility is a property you can TEST,
   which is the reason a library exposes seeding at all.

2. A range that divides the output space, and one that does not
   The generator emits 4 bits: 16 equally likely patterns.
   1..=8   (16 % 8 == 0)  1:2 2:2 3:2 4:2 5:2 6:2 7:2 8:2   (16/16 patterns used, spread 2..2)
   1..=10  (16 % 10 == 6) 1:2 2:2 3:2 4:2 5:2 6:2 7:1 8:1 9:1 10:1   (16/16 patterns used, spread 1..2)
   `1..=8` is already fair: every outcome gets exactly 2 patterns.
   `1..=10` is not, and the six low outcomes are twice as likely.

3. The bias is a property of the ARITHMETIC, not of the generator
   1..=3   (16 % 3 == 1)  1:6 2:5 3:5   (16/16 patterns used, spread 5..6)
   1..=6   (16 % 6 == 4)  1:3 2:3 3:3 4:3 5:2 6:2   (16/16 patterns used, spread 2..3)
   No seed appears in section 2 or 3. Every pattern is counted once,
   so a better generator cannot fix this — only better arithmetic can.

4. Reject and redraw, and the skew goes to zero
   1..=10 rejecting       1:1 2:1 3:1 4:1 5:1 6:1 7:1 8:1 9:1 10:1   (10/16 patterns used, spread 1..1)
   1..=3  rejecting       1:5 2:5 3:5   (15/16 patterns used, spread 5..5)
   1..=6  rejecting       1:2 2:2 3:2 4:2 5:2 6:2   (12/16 patterns used, spread 2..2)
   Every outcome now has the same number of patterns. The price is the
   patterns thrown away — 6 of 16 for `1..=10` — which is why the real
   implementation draws again rather than returning `None`.

5. What that costs in practice
   1..=3   keeps 15/16 patterns  ->  6.2% of draws are redrawn
   1..=6   keeps 12/16 patterns  ->  25.0% of draws are redrawn
   1..=8   keeps 16/16 patterns  ->  0.0% of draws are redrawn
   1..=10  keeps 10/16 patterns  ->  37.5% of draws are redrawn
   With a real 64-bit generator the discarded slice is vanishingly small,
   so the correct version is effectively free. The 4-bit generator here is
   small on purpose: it makes the whole distribution countable.
