──── 1. push first, then the loan: nothing is outstanding at the push
  v[1] = 11
  v    = [10, 11, 12]   (the owner is free again)
  Swap the push and the `let`: E0499, the push uses `v` during 'a.

──── 2. A reborrow: vptr's loan sits inside v2's
  v[1] = 11
  v    = [10, 11, 12]
  One more read of vptr after the push: E0499 on `*v2`.

──── 3. Two shared loans on one element, used interleaved
  v[1] = 11
  v.len() = 2   (a read of the owner under shared loans)
  v[1] = 11
  With `let mut v` and v.push(12) before the first read: E0502, a mutation during 'a.

──── 4. The referent outlives the loan: `x` declared outside the block
  *r = 1
  With `let x = 1;` inside the block: E0597, `x` dropped while borrowed.

──── Checkpoint. `r` declared outside, `x` inside, last read inside. Compiles?
  yes: *r = 1   (read before the `}`, so the loan ended first)
  Where `r` is declared does not matter. Its last read sets the loan's end.

──── 5. At run time a reference carries no lifetime
  &i32 borrowed for a few lines   1 word
  &'static i32                    1 word
  &[i32]  address + length        2 words
  &str    address + length        2 words
  The length is run-time data; the lifetime was checked and erased.
