1. FOUR DIRECTIONS
          x  floor   ceil  trunc  round  ties_even
        9.1      9     10      9      9          9
      100.7    100    101    100    101        101
       -1.1     -2     -1     -1     -1         -1
      -19.9    -20    -19    -19    -20        -20
        2.5      2      3      2      3          2
       -2.5     -3     -2     -2     -3         -2
        0.5      0      1      0      1          0
       -0.5     -1     -0     -0     -1         -0
   floor goes toward -inf, ceil toward +inf, trunc toward 0.
   round goes to the nearest, and a .5 goes AWAY from 0 — so -2.5 rounds
   to -3, which is lower. round_ties_even sends a .5 to the even neighbour.

2. STILL A FLOAT
   9.1.floor() with {}    : 9
   9.1.floor() with {:?}  : 9.0      Display drops the .0; Debug keeps it
   (-0.4).ceil()           : -0 / -0.0   == 0.0 ? true   is_sign_negative ? true
   an integer has no negative zero; this whole number does.
   NAN.round()             : NaN
   INFINITY.floor()        : inf
   1e300.round()           : a whole number 301 digits long, and no integer type holds it
   4503599627370496.5      : 4503599627370496   2^52 + 0.5 cannot be written down;
                             above 2^52 every f64 is already whole and round() changes nothing.

3. THREE TIE RULES IN std
        x   round  ties_even  {:.0}
      0.5       1          0      0
      1.5       2          2      2
      2.5       3          2      2
     -0.5      -1         -0     -0
     -1.5      -2         -2     -2
     -2.5      -3         -2     -2
   {:.N} sends a tie to even, like round_ties_even — judged on the digits actually stored:
   0.25 with {:.1} : 0.2    stored: 0.25000000000000000000
   0.35 with {:.1} : 0.3    stored: 0.34999999999999997780
   0.45 with {:.1} : 0.5    stored: 0.45000000000000001110
   0.25 is a true tie (1/4 is exact) and goes to even. 0.35 and 0.45 never were ties:
   one is stored below its half and one above, and each rounds toward the value it is.

4. TWO DECIMALS, TWO ANSWERS
   2.675 with {:.2}                : 2.67
   (2.675 * 100.0).round() / 100.0 : 2.68
   because 2.675 * 100.0 is exactly 267.5 — the multiply rounded UP onto a tie —
   while 2.675 itself is stored as 2.67499999999999982236, below it.
   {:.2} rounds the value you have; the scale idiom rounds a product that moved.
   1.005: {:.2} = 1.00, scale idiom = 1.0   (1.005 * 100.0 = 100.49999999999999: this one moved DOWN)

5. fract IS THE PART THE OTHERS THREW AWAY
     9.1.fract() = 0.09999999999999964    trunc + fract == x ? true
    -9.1.fract() = -0.09999999999999964   trunc + fract == x ? true
     2.5.fract() = 0.5                    trunc + fract == x ? true
   9.1 - 9 is not 0.1, because 9.1 was never 9.1 — the cut from the previous page, made visible.

6. THE INTEGER YOU WANTED IS STILL ONE `as` AWAY
     9.7: x as i64 =   9   x.trunc() as i64 =   9   x.round() as i64 =  10
    -9.7: x as i64 =  -9   x.trunc() as i64 =  -9   x.round() as i64 = -10
   a bare `as` is trunc plus saturation: 1e300 as i64 = 9223372036854775807, NAN as i64 = 0
   say which rounding first, then cast: `x.round() as i64` reads as what it does.
