1. A set whose members are sets: the inner set is a BTreeSet
   BTreeSet<BTreeSet<i32>> from [{1, 2}, {2, 3}, {2, 1}] = {{1, 2}, {2, 3}}
   len = 2   ({1, 2} and {2, 1} are one member)
   contains {2, 1}? true
   contains {1, 3}? false
   HashSet<BTreeSet<i32>> gets the same 2 members: {{1, 2}, {2, 3}}

2. Built in two orders: equal, and they hash the same
   x from [3, 1, 2] = {1, 2, 3}   y inserted 2, 3, 1 = {1, 2, 3}
   x == y: true   hash(x) == hash(y): true   x.cmp(&y): Equal
   ∅ has 0 members; {∅} has 1: {{}}
   the power set of {1, 2, 3} has 8 members:
   {{}, {1}, {1, 2}, {1, 2, 3}, {1, 3}, {2}, {2, 3}, {3}}

3. Why HashSet is not Hash: equal sets, different iteration orders
   same five members, one fixed hasher, capacities 7 and 112
   small == large: true
   small iterates [20, 50, 30, 40, 10]
   large iterates [10, 20, 40, 30, 50]
   hashed in iteration order, equal? false

4. Mutability belongs to the binding, not to the set
   let frozen = {2, 3}; let mut thawed = frozen; thawed.insert(4) -> {2, 3, 4}
   let refrozen = thawed -> {2, 3, 4}, and refrozen cannot change
   fn add_one(mut s: BTreeSet<i32>) on it -> {1, 2, 3, 4}

5. No &mut to a member: take it out, change it, put it back
   before: {{1, 2}, {5}}
   after take, insert(3), insert: {{1, 2, 3}, {5}}
   iter() yields &T, get() returns Option<&T>: Some({5})

6. The gap: Cell is Ord, not Hash, so it can sit in a BTreeSet
   first member set to 5 through &Cell; members now [5, 2, 3]
   contains(2)? false   contains(5)? true
   (a logic error by std's docs: the result is unspecified; clippy::mutable_key_type warns)

7. Freezing a HashSet: collect it into a BTreeSet
   pairs [("ann", "bob"), ("bob", "ann"), ("bob", "cy")]
   as unordered pairs: 2 -> {{"ann", "bob"}, {"bob", "cy"}}
