THE C++ SHAPE
  for (auto it = v.begin(); it != v.end(); ++it)
      if (*it % 2 == 0) v.erase(it);
  erase invalidates `it`, and ++it then advances a dangling
  iterator. With a vector this usually does not crash -- the
  memory is still mapped -- it just SKIPS the element after each
  removal and returns a wrong answer. No sanitizer objects to a
  read that is in bounds.

THE SAME LOOP IN RUST
  for x in &v { if *x % 2 == 0 { v.retain(...) } }
  E0502: cannot borrow `v` as mutable because it is also borrowed
  as immutable. `&v` in the for loop is a shared borrow held for
  the whole loop body, and mutation needs an exclusive one.

  The rule doing the work is the ordinary one -- many readers or
  one writer -- applied to a loop. There is no iterator-specific
  machinery, and no runtime modification counter of the kind
  Java's ConcurrentModificationException needs.

WHAT TO WRITE INSTEAD
  start           [1, 2, 3, 4, 5, 6, 7, 8, 9, 10]
  retain(odd)     [1, 3, 5, 7, 9]     <- one pass, the library owns the loop
  filter+collect  [1, 3, 5, 7, 9]     <- a new Vec, the old one untouched
  index loop      [1, 3, 5, 7, 9]     <- correct, and O(n^2); the bug the
                                C++ version had is impossible here
                                because there is no iterator to
                                invalidate -- only an index you
                                are responsible for

WHY THIS ONE IS THE MOST INSTRUCTIVE ON THE LIST
  Every other bug in this chapter has a chance of announcing
  itself: a segfault, a corrupted allocator, a sanitizer report.
  This one returns a plausible answer. It is the case where
  'undefined behaviour' costs you a wrong number in a report
  rather than a crash you can debug -- and the compile error is
  the only thing that would ever have told you.
