1. entry().or_insert() — one lookup, and the right answer
   [("Ada", 8), ("Ben", 0), ("Cara", 11), ("Dan", 1)]

2. or_default() — the same, with the type choosing the zero
   [("Ada", 8), ("Ben", 0), ("Cara", 11), ("Dan", 1)]   identical: true

3. The wrong one that compiles: insert in the loop
   [("Ada", 5), ("Ben", 0), ("Cara", 2), ("Dan", 1)]
   Cara scored 5 + 4 + 2 = 11 and this says 2. `insert` overwrites,
   so every repeat key threw away the running total. Nothing warns:
   the return value that would have told you is discarded.

4. The wrong one that is subtler: contains_key then insert
   [("Ada", 8), ("Ben", 0), ("Cara", 11), ("Dan", 1)]   correct: true
   Right answer, three hash lookups per ballot instead of one, and
   five lines where `entry` is one. This is the shape a Python or
   Java habit produces, and it is why `entry` exists.

5. and_modify().or_insert() — when the first sighting is special
   ballots per voter: [("Ada", 2), ("Ben", 1), ("Cara", 3), ("Dan", 1)]
   `or_insert(1)` runs only for a name never seen before, so the
   two branches can differ. With `or_insert(0)` and a `+= 1` after,
   they cannot.

6. The answer the tally was for
   ranked: [("Cara", 11), ("Ada", 8), ("Dan", 1), ("Ben", 0)]
   Sorting a HashMap means leaving it: collect the pairs into a Vec
   and sort that. A hash map has no order to sort in place.
