RFC 69'S FOUR ASSERTED EQUALITIES
  b'A'    == 65u8         true
  b'\t'   == 9u8          true
  b'\xFF' == 0xFFu8       true
  b"A\t\xFF"              [65, 9, 255]

THE TYPE THE RFC PROMISED IS NOT THE TYPE THAT SHIPPED
  RFC   &'static [u8]     a slice: pointer AND length, carried at run time
  today &'static [u8; 3]  an array reference: the length is in the type
  a slice reference is exactly twice as wide   true
  ...and it still coerces, so the RFC's own signature accepts it   3 bytes

Q1  "Should there be raw byte string literals?"   ANSWERED YES
  br"..."    36 bytes  << /Title (FizzBuzz \(Part one\)) >>
  br#"..."#  16 bytes  a "quoted" thing

Q2  "Should control characters be disallowed?"    ANSWERED NO
  b"a<TAB>b"           [97, 9, 98]
  b"a\0b"              [97, 0, 98]

Q3  "Should bytes!() be removed?"                 ANSWERED YES
  b"A"                 [65]   the macro is gone; this replaced it

THE RFC'S EXAMPLE COMPILES AGAIN, AND NO LONGER MEANS WHAT IT SAID
            b'a' .. b'z'   b'a' ..= b'z'
  'a'       lower          lower
  'y'       lower          lower
  'z'       other          lower
