error[E0433]: cannot find module or crate `fmt` in this scope
 --> forgot_fmt/src/main.rs:3:10
  |
3 | #[derive(ByNameAsWritten)]
  |          ^^^^^^^^^^^^^^^ use of unresolved module or unlinked crate `fmt`
  |
  = help: if you wanted to use a crate named `fmt`, use `cargo add fmt` to add it to your `Cargo.toml`
  = note: this error originates in the derive macro `ByNameAsWritten` (in Nightly builds, run with -Z macro-backtrace for more info)
help: consider importing this module
  |
1 + use std::fmt;
  |

error[E0405]: cannot find trait `FromStr` in this scope
 --> forgot_fmt/src/main.rs:3:10
  |
3 | #[derive(ByNameAsWritten)]
  |          ^^^^^^^^^^^^^^^ not found in this scope
  |
  = note: this error originates in the derive macro `ByNameAsWritten` (in Nightly builds, run with -Z macro-backtrace for more info)
help: consider importing this trait
  |
1 + use std::str::FromStr;
  |

Some errors have detailed explanations: E0405, E0433.
For more information about an error, try `rustc --explain E0405`.
error: could not compile `by_name_forgot_fmt` (bin "by_name_forgot_fmt") due to 2 previous errors
