1. One hundred pushes
   Vec::new()          -> 100 items, 6 reallocations, cap 128
   with_capacity(100)  -> 100 items, 0 reallocations, cap 100
   Every reallocation copies everything already stored: 124 u32s
   moved, against 0 for the sized version. The counting is in
   the program — `out.len()` just before each growth, summed.

2. collect() already knew
   (1..=100).collect() -> 100 items, cap 100
   A range knows its own length, so collect asked once and got it
   right. That is `size_hint`, and it is why collect usually beats
   a hand-written push loop without you doing anything.

3. Shrinking does not give the memory back
   after truncate(3): len 3 cap 100
   after shrink_to_fit(): len 3 cap 3
   `clear` and `truncate` drop the elements and keep the buffer —
   which is the behaviour you want in a loop that refills it.

4. Two removals, one of which is a bug
   remove(1)      -> ["Ada", "Cara", "Dan", "Eve"]
   swap_remove(1) -> ["Ada", "Eve", "Cara", "Dan"]
   Identical cost story, opposite guarantees. If this Vec is a
   ranking, swap_remove has silently reordered the results.

5. Deleting while iterating, the three ways
   retain            -> [5, 3, 4]   in place, one pass
   filter().collect  -> [5, 3, 4]   a new Vec, borrows the old
   index loop        -> [5, 3, 4]   correct only because `i` is
   not incremented after a removal — the classic off-by-one is to
   write a `for i in 0..len` here and skip every element after a
   deleted one. Rust will not stop you: the indices are all valid.
