1. THE BOOK: two values of different types cannot be compared
   for the number types, yes: std implements i32 < i32 and nothing else.
   but == and < are traits with a type parameter for the right side,
   and std does implement some cross-type pairs:
     String == &str           : true
     Vec<i32> == [i32; 3]     : true

2. THE BOOK: casting the smaller type to the larger one is safest
     -1i32 as u64 < 1u64      : false   (u64 is larger, and -1 became 18446744073709551615)
     i64::from(-1i32) < 1i64  : true
   larger is not enough: the target must hold every value, sign included.

3. THE BOOK: 300_i32 as i8 returns 44
     300_i32 as i8            : 44
     300 in hex               : 0x12c; as keeps the low byte, 0x2c
     i8::try_from(300)        : Err(TryFromIntError(PosOverflow))

4. THE BOOK: try_into() on the u16 returns a Result, and unwrap() crashes if it failed
     u16 -> i32 try_into type : core::result::Result<i32, core::convert::Infallible>
   the error type is Infallible: this conversion cannot fail. i32::from(b) says so.
   a conversion that can fail, unwrapped:
     panic                    : called `Result::unwrap()` on an `Err` value: TryFromIntError(PosOverflow)

5. THE BOOK: f32 and f64 implement only PartialEq; the other number types also Eq
     1_i32.cmp(&2)            : Less   (Ord, a total order)
     1.0.partial_cmp(&NAN)    : None   (PartialOrd: some pairs have no answer)

6. THE BOOK: 0.1 + 0.2 == 0.3 fails for f64 and passes for f32
     f32  0.1 + 0.2 = 3e99999a   0.3 = 3e99999a   equal: true
     f64  0.1 + 0.2 = 3fd3333333333334   0.3 = 3fd3333333333333   equal: false
   true, and f32 was lucky rather than exact. Try 0.1 + 0.6 instead:
     f32  0.1 + 0.6 == 0.7    : false
     f64  0.1 + 0.6 == 0.7    : true

7. THE BOOK: compare within f32::EPSILON, shown on 0.1 + 0.1 against 0.2
     |0.2 - (0.1 + 0.1)| in f32 : 0e0
     0.1 + 0.1 == 0.2 in f32    : true
   doubling is exact in binary, so the tolerance was never tested.
   Where a tolerance is needed, EPSILON is the wrong size once the numbers grow:
     |2000.3 - (1000.1 + 1000.2)| : 2.2737367544323206e-13
     <= f64::EPSILON              : false   (2.220446049250313e-16)
     <= 1e-12 * 2000.3 (relative) : true

8. THE BOOK: the square root of a negative number, written -42.0.sqrt(), is NaN
     -42.0_f64.sqrt()         : -6.48074069840786
     (-42.0_f64).sqrt()       : NaN
   a method call binds tighter than unary minus: the first is -(42.0.sqrt()).

9. THE BOOK: almost every operation involving NAN returns NAN
     NAN + 1.0                : NaN
     NAN.max(1.0)             : 1
     NAN.min(1.0)             : 1
     NAN.powi(0)              : 1
     1.0_f64.powf(NAN)        : 1
     NAN.hypot(INFINITY)      : inf
     NAN as i32               : 0
     NAN < 1.0                : false
   'almost' is doing work: max, min and three more hand back a real number.

10. THE BOOK: NAN values are never equal
     x == x                   : false
     vec![x] == vec![x]       : false
     x.total_cmp(&x)          : Equal
     assert_eq!(x, x) panics  : true

11. THE BOOK: use is_nan() and is_finite() to crash near the cause
     1.0 / 0.0                : inf
     inf.is_nan()             : false
     inf.is_finite()          : false
     NAN.is_finite()          : false
   is_finite() rejects both; is_nan() alone lets infinity through.

12. THE BOOK: illegal or undefined operations trigger a CPU exception
   not for floats: the lines above divided by zero and took a square root
   of a negative number, and this program is still running.
     1_i32 / 0                : panic, "attempt to divide by zero"
     1_i32.checked_div(0)     : None
   Rust checks an integer divisor for zero in debug and release builds
   alike, so this panic is Rust's own check, not a trap from the CPU.
