
──── Step 1: One ballot, six shapes
  [u8; 3]                 [5, 3, 0]
  Vec<u8>                 [5, 3, 0]
  Row(Stars, Stars, ..)   Row(Five, Three, Zero)
  NamedBallot { .. }      ada=Five ben=Three
  BTreeMap<&str, Stars>   {"Ada": Five, "Ben": Three, "Cara": Zero}
  Vec<(&str, Stars)>      [("Ada", Five), ("Ben", Three)]  <- sparse: Cara simply absent
    (Row is positional too: .0 = 5, .1 = 3, .2 = 0)
    (every shape above still goes through one door: Stars::new(4) -> Some(Four), Stars::new(6) -> None)

  What each one costs (size_of, the handle only):
    [u8; 3]                      3 bytes  (all of it, no heap)
    [Stars; 3]                   3 bytes
    Row                          3 bytes
    NamedBallot                  3 bytes
    Vec<u8>                     24 bytes  + heap for the data
    BTreeMap<&str, Stars>       24 bytes  + heap, + the keys
      A fixed array IS the data. A Vec is a 24-byte handle (pointer,
      length, capacity) pointing at data somewhere else — which is
      the price of not knowing the candidate count until runtime.

──── Step 2: The bug positional storage cannot see
  same numbers, header Ada,Ben,Cara -> [("Ada", 9), ("Ben", 13), ("Cara", 5)]
                        winner       -> Ben (13 points)
  same numbers, header Ben,Ada,Cara -> [("Ben", 9), ("Ada", 13), ("Cara", 5)]
                        winner       -> Ada (13 points)
      Nothing failed. No parse error, no panic, no warning — just a
      different winner, because a column's meaning lives outside the
      data, in a header the type system never saw.
  NamedBallot: ada=5 ben=3 cara=0
      Here the same mistake is unwriteable: you ask for `.ada`, not
      for column 0. The cost is that the candidates are baked into
      the type at compile time — fine for a lesson, useless for an
      election you load from a file. That tension is the real lesson.

──── Step 3: Blank is not zero
  scored 0   [Some(Five), Some(Three), Some(Zero)] -> total 8, 3 of 3 candidates marked
  left blank [Some(Five), Some(Three), None] -> total 8, 2 of 3 candidates marked
      Both total 8: a blank tabulates as zero. But they are different
      voter intentions, and only the Option remembers which happened.
  size_of::<Stars>()         = 1
  size_of::<Option<Stars>>() = 1  <- remembering costs nothing

──── Step 4: Order-free lookup, and the determinism trap
  inserted Cara, Ada, Ben — iterating a BTreeMap gives:
    Ada   5
    Ben   3
    Cara  0
  ballot.get("Ben") -> Some(3)
  ballot.get("Dan") -> None
      A map drops the column problem entirely: the key IS the meaning.
      This program deliberately does NOT print a HashMap's iteration
      order, because it is randomised per run — the answer key could
      not be recorded. An election that breaks ties by scanning a map
      would inherit exactly that irreproducibility.

──── Step 5: One allocation for the whole election
  cells (row-major, 3 voters x 3 candidates): [5, 3, 0, 4, 5, 1, 0, 5, 4]
  score(voter 2, candidate 1) = 5
    Ada   9
    Ben   13
    Cara  5
      One Vec for the entire election instead of one per ballot: the
      shape a real engine uses. It trades the misalignment bug for an
      index-arithmetic bug — `voter * n + cand`, written once, in one
      method, which is the only reason the trade is worth making.

──── Step 6: Identical ballots, compressed
  75 voters stored as 3 rows
    Ada   231
    Ben   298
    Cara  265
      A weighted row is a COMPRESSION, not a different election: the
      count multiplies, it does not join the scores. Storing 42 as a
      fourth number in the same array would be the same category
      error as the header in Step 2 — a value whose meaning depends
      on which column it landed in.
