1. "Arrays are stack allocated."
   a local [u64; 1000] is 8000 bytes of stack frame
   Box<[u64; 1000]> holds it on the heap; the Box is 8 bytes
   Vec<[u64; 4]> holds its rows on the heap: 2 rows, 32 bytes each
   a static [u64; 1000] is in the binary's data, 8000 bytes
   Verdict: only when the owner is a local. It lives where its owner does.

2. "Out-of-bounds indexing on an array is a compile-time error."
   Only with a constant index: `xs[3]` on [i32; 3] trips the deny-by-default
   lint unconditional_panic. With #![allow(unconditional_panic)] it compiles,
   and any index the compiler cannot see is checked at run time:
   xs.get(i) = None; xs[i] would panic
   Verdict: a compile error only for a constant index; otherwise a panic.

3. The panic text, on 1.98.0
   thread 'main' (<id>) panicked at <dir>/array_claims_checked.rs:33:20:
   index out of bounds: the len is 3 but the index is 99
   Location first, message on its own line: the format since Rust 1.73.
   Older transcripts put the message first, in quotes, then the location.

4. "Arrays are limited to 32 elements."
   [u8; 33]: Copy true, PartialEq true, Hash true, IntoIterator sum 231, Debug [7, 7]..
   Default: [u8; 32] works (32 zeros); [u8; 33] is E0277
   tuples: a 12-tuple is Debug (1, 2, 3, 4, 5, 6, 7, 8, 9, 10, 11, 12); a 13-tuple is E0277
   From<(T, T, T)> for [T; 3]: [1, 2, 3] (tuples of 1 to 12)
   Verdict: true before const generics; on 1.98.0 only Default stops at 32.

5. Rust by Example's comments
   "type signature is superfluous": unannotated is [i32; 5] - true
   size_of_val(&xs) = 20 - true: five i32s, no header
   assert_eq!(&empty_array, &[]) and &[][..]: both pass
   0..xs.len() + 1 with .get(i): [Some(1), Some(2), Some(3), Some(4), Some(5), None]
   The +1 is on purpose: the last get is the out-of-range one, and it is None.
   "Out of bound indexing on slice causes runtime error": for `slice[i]`
   yes; the example shows `.get`, which is the version that does not.

6. assert_eq!([1, 2], &array[1..])
   passes, and `for x in array` prints: 0 1 2 
   PartialEq::<&[i32]>::eq(&[1, 2], &&array[1..]) = true
   It is an impl, `impl PartialEq<&[U]> for [T; N]`, not a coercion.

7. "The value in [value; N] must be Copy or a constant."
   evaluated loud(one)
   [loud("one"); 1] compiled, len 1: no copy to make
   evaluated loud(zero)
   dropped Loud(zero)
   [loud("zero"); 0] compiled, len 0: evaluated, then dropped at once
   Verdict: true for N of 2 or more.
   dropped Loud(one)

8. "[true; 10000] is an array of 10,000 bools" beside code saying 1000
   size_of::<[bool; 1000]>() = 1000, size_of::<[bool; 10000]>() = 10000
   Verdict: each is right about its own number; read the code, not the prose.

9. "Vec::new() does not allocate until elements are pushed."
   capacity before push 0, after one push 4
   Verdict: true.

10. "Iterators are lazy and do nothing unless consumed."
   after building the filter: closure ran 0 times
   after collect: [2, 2], closure ran 4 times
   Verdict: true.

11. A 2015 answer: filter an array with |&&x|
   numbers.iter().filter(|&&x| x == 2) = [2, 2] - still right for iter()
   numbers.into_iter().filter(|&x| x == 2) = [2, 2] - edition 2021 on
   With into_iter() on 2021, |&&x| is E0308 and |&x| *x == 2 is E0614.

12. "The useful methods are on slices, not arrays."
   array.map(|x| x * 10) = [0, 10, 20], array.each_ref() = [0, 1, 2]
   array.as_slice().len() = 3
   Verdict: mostly still true; arrays have gained a few of their own.
