1. Methods: borrow both sets, return a lazy iterator of &T
   a = {1, 2, 3, 4}   b = {3, 4, 5}
   a.union(&b) is a std::collections::hash::set::Union<'_, i32, std::hash::random::RandomState>
   a.union(&b)                    {1, 2, 3, 4, 5}
   a.intersection(&b)             {3, 4}
   a.difference(&b)               {1, 2}
   a.symmetric_difference(&b)     {1, 2, 5}
   b.difference(&a)               {5}   <- not the same question
   a.intersection(&b).count() = 2   (counted, nothing collected)

2. Operators on references: a new, owned set every time
   &a | &b is a std::collections::hash::set::HashSet<i32>
   &a | &b = {1, 2, 3, 4, 5}
   &a & &b = {3, 4}
   &a - &b = {1, 2}
   &a ^ &b = {1, 2, 5}
   a and b are still usable afterwards: 4 and 3 members
   BTreeSet has the same four: {1, 2}

3. Yes-or-no questions build nothing
   small.is_subset(&a)       = true
   a.is_superset(&small)     = true
   a.is_subset(&a)           = true   (subset, not proper subset)
   proper: small ⊂ a         = true
   empty.is_subset(&small)   = true
   a.is_disjoint(&b)         = false
   a.is_disjoint(&hs([9]))   = true
   a.contains(&5)            = false

4. insert and remove answer with a bool
   insert(7) = true   insert(7) again = false   len = 1
   remove(&7) = true   remove(&7) again = false   len = 0
   take(&8) = Some(8)   take(&8) again = None

5. The element type decides what a set can hold
   HashSet<T> needs T: Eq + Hash; BTreeSet<T> needs T: Ord.
   f64 is neither: NaN != NaN, so HashSet<f64>::insert does not compile.
   0.0 == -0.0 is true, but as to_bits() keys: 3 members from [0.0, -0.0, NaN, NaN]
   [1, 1, 1] -> {1}   (1, 1.0 and true are three types, not three spellings of one value)

6. Chained symmetric difference: members of an ODD number of sets
   {0, 1, 2, 3, 4} ^ {2, 3, 4} ^ {2, 5} = {0, 1, 2, 5}
   {1, 2, 3} ^ {3, 4, 5} ^ {5, 6, 7} ^ {1, 7, 8} = {2, 4, 6, 8}
   how many sets hold each: {1: 2, 2: 1, 3: 2, 4: 1, 5: 2, 6: 1, 7: 2, 8: 1}
   the odd counts: {2, 4, 6, 8}   same set: true

7. Two laws from the algebra of sets, checked on these sets
   a - (b | c) == (a - b) & (a - c)   true
   a ^ b == (a | b) - (a & b)         true

8. Building, comparing, filtering in place
   {1, 2, 3} == collect([3, 2, 1, 2]) is true   (order and repeats ignored)
   {1, 2}.extend([2, 3, 4]) -> {1, 2, 3, 4}
   retain(even)             -> {2, 4}

9. Deduplicating a Vec: two answers, two orders
   [3, 1, 1, 2, 3, 1]
   seen.insert as the filter -> [3, 1, 2]   first-seen order
   sort then dedup           -> [1, 2, 3]   sorted order
   dedup without the sort    -> [3, 1, 2, 3, 1]   adjacent repeats only
