THE C SHAPE
  char *p = malloc(16); strcpy(p, "secret");
  free(p);
  printf("%s", p);        <- reads a block the allocator now owns
  It usually prints something. That is the instructive part: a
  freed block is not blanked, it is marked AVAILABLE, so the read
  returns whatever lives there now -- often another allocation's
  data, which is how a use-after-free becomes an information leak
  rather than a crash.

THE SAME PROGRAM IN RUST
  let s = String::from("secret");
  drop(s);
  println!("{s}");        <- E0382: borrow of moved value: `s`

  drop() is not a special form. It is a function taking its
  argument BY VALUE, so calling it moves the String in -- and the
  compiler already tracks that `s` no longer owns anything. The
  free happens when drop's own parameter goes out of scope, one
  line later, and the check that catches the misuse is the same
  move checker that catches passing a value to any function twice.

SO WHAT ACTUALLY HAPPENS HERE
  s was dropped; its length, copied out first, is 6
  There is no way to write the read. Not 'it panics' -- the
  program does not exist.

THE HARDER CASE: A REFERENCE THAT OUTLIVES ITS OWNER
  let r;
  { let v = vec![1, 2, 3]; r = &v[0]; }   <- v dropped here
  println!("{r}");                       <- E0597: `v` does not
                                            live long enough
  That is the borrow checker rather than the move checker, and it
  is the one that has no C equivalent at all: C will happily give
  you a pointer into a block that is about to be freed and say
  nothing, at any warning level.

  the version that compiles: v outlives r, so r = 10
  Moving `let v` inside a block would break it, and the error
  names both the borrow and the drop.

WHAT THIS COSTS AT RUNTIME
  Nothing. There is no free-list check, no tombstone, no refcount
  -- the analysis happened at compile time and the generated code
  is the same malloc/free pair C would emit. That is the whole
  claim: not a safer allocator, an earlier question.
