1. The difference is what `let b = a;` MEANS
   Precinct is Copy: after `let _also = p;`, p is fine -> Precinct { id: 7, registered: 431 }
   Ballot is not:   after `let moved = b;`, `b` is E0382
                    the value lives on as `moved` -> Ballot { voter: "Ada", scores: [5, 2, 0] }
   Same syntax. Different meaning. The TYPE decides.

2. Passing to a function is the same question
   consume_precinct(p) = 438 (id+registered), and p survives -> Precinct { id: 7, registered: 431 }
   consume_ballot(moved) = "Ada cast 3" and `moved` does not survive
   ...which is why `.clone()` is in that line at all.

3. All-Copy fields is NOT enough — you have to opt in
   Tally holds one u32 and still is not Copy, because it does
   not derive Copy. consume_tally(t) MOVES it:
   consume_tally(t) = 12
   `t` is now dead. Opting in is deliberate: making a type Copy
   is a promise to your callers that you cannot quietly take back.

4. Clone is a method you call; Copy is something the compiler does
   original  Ballot { voter: "Ben", scores: [4] }
   duplicate Ballot { voter: "Ben", scores: [4] }   <- a second heap allocation, on purpose
   `Copy` never allocates: it is a bit-for-bit copy, nothing else.

5. The three refusals, each with its own code
   impl Copy for P {} without Clone
     error[E0277]: the trait bound `P: Clone` is not satisfied
     -> `Copy` requires `Clone`. Always derive both together.
   #[derive(Copy)] on a struct holding a String
     error[E0204]: the trait `Copy` cannot be implemented for this type
       this field does not implement `Copy`
   #[derive(Copy)] on a struct that also impls Drop
     error[E0184]: `Copy` not allowed on types with destructors
     -> a destructor runs once per value; copies would run it twice.

6. "Copy is shallow, Clone is deep" — both halves are false
   after copying `one` into `two` and editing `two`:
     one  Precinct { id: 3, registered: 100 }
     two  Precinct { id: 3, registered: 999 }
     same address? false   <- Copy duplicates the BITS, it never aliases
   Rc::clone(&shared):
     same allocation? true   strong_count 2
     (*shared).clone() gives a separate Vec? true
   So `Clone` promises a value you may keep — not a depth.
   `Rc` clones a pointer, `String` clones a buffer, and a Copy
   type's derived clone is the same memcpy `=` already does:
     one.clone() = Precinct { id: 3, registered: 100 }   (no allocation, nothing to free)
   The axis is not deep vs shallow. It is WHO ASKS:
     Copy  the compiler, silently, at every `=`
     Clone you, in writing, at one call site

7. Two ways to write it — and the one difference
   The derive is the simple one, and it writes a bound you did not:
     #[derive(Clone, Copy)] struct Derived<T>(&T);
       ->  impl<T: Copy> Copy for Derived<T>
   That bound is about T, but the field is `&T`, and a shared
   reference copies whatever T is. So the derived version refuses
   a Derived<Ballot> that would have been perfectly fine:
     error[E0382]: borrow of moved value: `d`
       move occurs because `d` has type `Derived<'_, Ballot>`,
       which does not implement the `Copy` trait
       note: derived `Clone` adds implicit bounds on type parameters
       help: consider manually implementing `Clone` to avoid
             undesired bounds
   Writing the two impls by hand drops the bound:
     impl<T> Copy for Manual<'_, T> {}
     impl<T> Clone for Manual<'_, T> { fn clone(&self) -> Self { *self } }
   Manual<Ballot> copies:  "Dev" and "Dev"
   Derived<u32> copies:    431 and 431   <- the bound is met here
   And a Copy type's Clone body is always `*self`. There is
   nothing else it could be: the compiler already copies the bits.

8. `&T` is Copy. `&mut T` is not — and the call site hides it
   shared:  let s = &n; let s2 = s;   both alive -> 7 7
   unique:  let r = &mut m; let r2 = r;   r is MOVED
     error[E0382]: borrow of moved value: `r`
       move occurs because `r` has type `&mut u32`,
       which does not implement the `Copy` trait
   Most people never meet that error, because passing `r` to a
   function REBORROWS instead of moving:
     bump(r); bump(r);   -> 9
     &mut *r, bumped     -> 10
   Two references, one Copy and one not, for the ownership reason:
   `&T` may be duplicated because nobody may write through it.
