1. Three ways to have text
   literal  &'static str  "The Big Lebowski"
   owned    String        "The Big Lebowski"
   view     &str          "Big"   <- bytes 4..7 of `owned`, borrowed

2. What each one costs on the stack
   size_of::<&str>()    = 16 bytes  (pointer + length)
   size_of::<String>()  = 24 bytes  (pointer + length + capacity)
   size_of::<&String>() = 8 bytes  (just a pointer)

3. One &str parameter serves every caller
   shout(literal) = "THE BIG LEBOWSKI"
   shout(&owned)  = "THE BIG LEBOWSKI"   <- &String coerced to &str, free
   shout(view)    = "BIG"

4. The owner can grow; the view never can
   grows = "counted"   <- push_str needs a `mut String`
   a &str has no push_str — the text may not even be yours to change

5. String moves; &str copies
   &str:   s1 = "hello", s2 = "hello"   <- both alive
   String: big2 = "hello", and `big1` is now unusable — E0382

6. `str` is fixed-length, NOT immutable
   through a &mut str:  "PER MARTIN-LOF"   <- no allocation, same buffer
   split_at_mut halves: "PER" + " martin-lof"
   only the first half changed: "PER martin-lof"
   what a str cannot do is change LENGTH — one byte out, one byte in.
   `&str` is read-only because the `&` is, not because `str` is.

7. `str` is not `[u8]` — the same shape, a different promise
   size_of::<&str>() = 16, size_of::<&[u8]>() = 16   <- the same two words
   as_bytes():  "héllo" -> [104, 195, 169, 108, 108, 111]
                6 bytes, 5 chars   <- the bytes forget where the chars were
   and back:    str::from_utf8(bytes) = Ok("héllo")
   str::from_utf8([104, 255, 105]) = Err, valid_up_to = 1
   going the other way is checked, so it hands back a Result, never a &str.
   `shout(bytes)` does not compile: E0308, expected `&str`, found `&[u8]`.
