1. `map` NESTS when the function itself can fail
   Some(8).map(half)       = Some(Some(4))      <- two layers, unusable

2. `and_then` is the same thing, flattened
   Some(8).and_then(half)  = Some(4)            <- one layer
   Some(8).and_then(half).and_then(half) = Some(2)
   Some(7).and_then(half)  = None              <- short-circuits

3. The SAME shape on a different type
   parse("4").and_then(recip)   = Ok(0.25)
   parse("0").and_then(recip)   = Err("no reciprocal of zero")
   parse("x").and_then(recip)   = Err("\"x\": invalid digit found in string")

4. `?` is the same chain, written as statements
   recip_of("4") = Ok(0.25)
   recip_of("0") = Err("no reciprocal of zero")

5. And Vec does it too — `flat_map` is the same operation
   [1,2,3].flat_map(|n| [n, n*10]) = [1, 10, 2, 20, 3, 30]

6. The three laws, checked
   left identity   Some(8).and_then(half) == half(8)          true
   right identity  Some(8).and_then(Some) == Some(8)          true
   associativity   (m>>=f)>>=g == m>>=(\x -> f x >>= g)       true

   all three hold — which is what makes it a monad rather than just a method
