1. An invariant is a promise, and a door that will not let it through
   str::from_utf8([E2, 9D, A4])  = Ok("❤")
   str::from_utf8([68, 69, FF])  = Err(valid_up_to = 2)
   std states it as a heading, `# Invariant`, on the `str` primitive:
   "Rust libraries may assume that string slices are always valid UTF-8."

2. Spending it: `Chars::next` validates nothing at all
   "héllo ❤" is 10 bytes, 7 chars
   chars().next() is Option<char>, not Option<Result<char, _>> -> 'h'
   The missing error case IS the invariant, showing up in the type.

3. Why the SAFETY comment's second clause follows from its first
   char::from_u32(0xD7FF) = Some('\u{d7ff}')
   char::from_u32(0xD800) = None   <- a surrogate is not a scalar value
   char::from_u32(0xE000) = Some('\u{e000}')
   str::from_utf8([ED, A0, 80]).is_err() = true
   The validator refuses the only bytes that could decode into
   that gap, so `from_u32_unchecked` can never be reached with one.

4. What the invariant costs: std panics rather than break it
   "héllo": is_char_boundary(1) = true
   "héllo": is_char_boundary(2) = false   <- &h[1..2] panics here
   Handing back half of 'é' would be a &str that is not UTF-8,
   so the slice aborts instead. The promise outranks the answer.

5. Your own invariant needs no `unsafe` to pay off
   AsciiText::new("status: 404") accepted
   t.nth(8) = Some('4')   <- a byte index, O(1)
   AsciiText::new("héllo").is_none() = true
   `nth` re-checks nothing. `new` paid once, for every call after it.
