1. The refusal
   s1 and s2 are both &str — a pointer and a length, owning nothing.
   There is nowhere to put the joined bytes, so there is no `+` to call.

2. The one impl there is: String + &str
   left        right      compiles   why
   &str        &str       NO         E0369 — neither side owns a buffer
   &str        String     NO         E0369 — the left side still owns nothing
   String      String     NO         E0308 — expected `&str`, found `String`
   String      &str       yes        the left buffer is taken and grown

3. Three ways to say what Adam meant
   format!("{s1} {s2}")   "Adam Masiarek"   s1, s2 both still usable
   s1.to_owned() + " " + s2  "Adam Masiarek"   the compiler's own suggestion
   String::from(s1) + " " + s2  "Adam Masiarek"   same thing, spelled differently
   All three allocate exactly one buffer. Only format! reads as the sentence it builds.

4. What `+` actually does to its left operand
   capacity before 32, after 32
   same heap buffer reused: true
   "Adam Masiarek"
   That is why `+` consumes the left side: the answer IS the left buffer, grown.
   The right side is only borrowed, so s2 is still usable: "Masiarek"

5. `+=` works where `+` does not — on a String
   "Hello, Adam!"
   `let mut t = "Hello, "; t += s1;` is E0368 — a &str has no buffer to append to.

6. More than two pieces
   parts.concat()        "AdaBenCara"
   parts.join(", ")      "Ada, Ben, Cara"
   owned.join(" | ")     "Ada | Ben | Cara"
   Both take a slice of &str OR of String, and both allocate once,
   sized up front — which a chain of `+` cannot do.

7. Which to reach for
   two or three known pieces        -> format!
   a whole collection               -> .join(sep) / .concat()
   a left value you are done with   -> + , and let it eat the buffer
   appending in a loop              -> push_str — see Building a String
