=== what is actually different ===
  size_of::<[u32; 5]>()              20
    five u32 values                  20   <- five values inline, no header
  size_of::<Vec<u32>>() == 3 * usize true
     a Vec is pointer + length + capacity on the stack; the data is elsewhere
  size_of::<[u32; 5000]>()           20000
     ...and that whole block is on the STACK when you make one

=== case 1: the length is part of the type, so a wrong one cannot be passed ===
  summarise([u32; 6]) = 23
  summarise([u32; 5]) -> error[E0308]: mismatched types
                         expected an array with a size of 6, found one with a size of 5
  a Vec<u32> of the wrong length is a run-time surprise; this is a compile error

=== case 2: an array of Copy types is Copy ===
  live     = [104, 0, 2, 1, 7, 9]
  snapshot = [4, 0, 2, 1, 7, 9]   <- untouched, and `live` is still usable
  Vec needs .clone() for the same thing: [4, 0, 2]

=== case 3: an array works in a const context; a Vec does not ===
  const WEIGHTS: [u32; 6]  = [0, 1, 2, 3, 4, 5]
  const TOP_WEIGHT         = 5   <- indexed at compile time
  `const W: Vec<u32> = vec![..]` does not compile: allocation needs a run time

=== case 4: no allocation at all ===
  an array needs no allocator, so it is what no_std and embedded code use,
  and what a hot loop uses to avoid touching the heap at all.

=== where the Vec is simply right ===
  parsed 4 ballots -> counts = [3, 1, 1, 1, 3, 3]
  the number of ballots is not known until the input is read, and
  `let n = ballots.len(); let c = [0u32; n];` does not compile --
    error[E0435]: attempt to use a non-constant value in a constant
  an array length is a constant; `vec![0; n]` is the answer

=== and the question mostly dissolves at the signature ===
  report(&fixed) = 0:4 1:0 2:2 3:1 4:7 5:9
  report(&grown) = 0:4 1:0 2:2 3:1 4:7 5:9
  one function, `&[u32]`, and both callers work -- so the choice is about
  how you STORE the data, not about what your functions accept
