error[E0382]: use of moved value: `message`
 --> consumes_argument/src/main.rs:7:1
  |
7 | #[retry(times = 3)]
  | ^^^^^^^^^^^^^^^^^^^
  | |
  | inside of this loop
  | value moved into closure here, in previous iteration of loop
8 | fn send(message: String) -> Result<(), String> {
  |         ------- move occurs because `message` has type `String`, which does not implement the `Copy` trait
9 |     deliver(message)
  |             ------- use occurs due to use in closure
  |
note: consider changing this parameter type in function `deliver` to borrow instead if owning the value isn't necessary
 --> consumes_argument/src/main.rs:3:21
  |
3 | fn deliver(message: String) -> Result<(), String> {
  |    -------          ^^^^^^ this parameter takes ownership of the value
  |    |
  |    in this function
  = note: this error originates in the attribute macro `retry` (in Nightly builds, run with -Z macro-backtrace for more info)
help: consider cloning the value if the performance cost is acceptable
  |
9 |     deliver(message.clone())
  |                    ++++++++

For more information about this error, try `rustc --explain E0382`.
error: could not compile `consumes_argument` (bin "consumes_argument") due to 1 previous error
