1. Return the chain, not the collection
   doubled_odds(&scores) -> [10, 6, 2]
   The caller decides what to do with it — and can stop early:
   .take(1)              -> [10]
   Returning Vec<i32> instead would have allocated, and done all
   the work, before the caller said it only wanted one.

2. Why the signature is `impl Iterator` and not the real type
   the real type is Map<Filter<Iter<'_, i32>, {closure}>, {closure}>
   and you cannot write that down: a closure has no name, so the
   type has no spelling. `impl Iterator<Item = i32>` is the promise
   without the spelling — one concrete type, chosen by the body.

3. Borrowing: the returned iterator holds the input
   names_over(&rows, 3)  -> ["Bernadette", "Cara"]
   Item = &str, so the borrow is visible in the signature and every
   edition accepts it.
   lengths(&rows)        -> [3, 10, 4]
   Item = usize, which mentions no lifetime at all — yet the iterator
   still holds `rows`. Edition 2024 captures every lifetime in scope,
   so this compiles as written. Under --edition 2021 the SAME function
   is E0700, "hidden type captures lifetime that does not appear in
   bounds", and wants `+ use<'_>` spelled out. Both were checked.

4. Two branches, two types — which `impl Trait` cannot express
   maybe_reversed(.., false) -> [5, 3, 0, 4, 2, 1]
   maybe_reversed(.., true)  -> [1, 2, 4, 0, 3, 5]
   `Rev<Copied<Iter<i32>>>` and `Copied<Iter<i32>>` are different
   types, so an `impl Iterator` return is E0308 — the same refusal
   as two closures in one variable. `Box<dyn Iterator>` erases both,
   for one allocation and a virtual call per `next`.

5. Owning, so no lifetime at all
   counted(5)            -> [1, 4, 9, 16, 25]
   `(1..=n)` owns its state, so nothing is borrowed and the
   signature stays bare. This is the version to prefer when you can.

6. A method handing out a view of its own rows
   roster.shouted()      -> ["ADA", "BERNADETTE", "CARA"]
   and the roster is still readable afterwards: 3 rows

7. On the way IN, take IntoIterator rather than Iterator
   total(vec![1, 2, 3])  -> 6
   total([1, 2, 3])      -> 6
   total(1..=3)          -> 6
   A parameter of `impl Iterator` would refuse the first two, and
   make every caller write `.into_iter()`. Loosest bound wins here
   exactly as it does for closures.
