error[E0425]: cannot find type `Product` in this scope
  --> listing_6_5/src/lib.rs:40:18
   |
40 |         product: Product,
   |                  ^^^^^^^ not found in this scope
   |
note: struct `crate::product::Product` exists but is inaccessible
  --> listing_6_5/src/lib.rs:5:5
   |
 5 |     struct Product {
   |     ^^^^^^^^^^^^^^ not accessible
help: consider importing this trait
   |
38 +     use std::iter::Product;
   |

error[E0425]: cannot find type `Customer` in this scope
  --> listing_6_5/src/lib.rs:41:19
   |
41 |         customer: Customer,
   |                   ^^^^^^^^ not found in this scope
   |
note: struct `crate::customer::Customer` exists but is inaccessible
  --> listing_6_5/src/lib.rs:30:5
   |
30 |     struct Customer {
   |     ^^^^^^^^^^^^^^^ not accessible

For more information about this error, try `rustc --explain E0425`.
error: could not compile `pg_store_listing_6_5` (lib) due to 2 previous errors
