warning: unused import: `Customer`
 --> listing_6_36/src/main.rs:4:39
  |
4 | use pg_store_listing_6_36::{Category, Customer, Product};
  |                                       ^^^^^^^^
  |
  = note: `#[warn(unused_imports)]` (part of `#[warn(unused)]`) on by default

warning: unused variable: `product`
 --> listing_6_36/src/main.rs:7:9
  |
7 |     let product = Product {
  |         ^^^^^^^ help: if this is intentional, prefix it with an underscore: `_product`
  |
  = note: `#[warn(unused_variables)]` (part of `#[warn(unused)]`) on by default

error[E0451]: fields `id`, `name`, `price` and `category` of struct `pg_store_listing_6_36::Product` are private
  --> listing_6_36/src/main.rs:8:9
   |
 7 |     let product = Product {
   |                   ------- in this type
 8 |         id: 1,
   |         ^^ private field
 9 |         name: String::from("Laptop"),
   |         ^^^^ private field
10 |         price: 799.99,
   |         ^^^^^ private field
11 |         category: Category::Electronics,
   |         ^^^^^^^^ private field

For more information about this error, try `rustc --explain E0451`.
error: could not compile `pg_store_listing_6_36` (bin "pg_store_listing_6_36") due to 1 previous error; 2 warnings emitted
