1. u32 00000000000000000000000000010100
   i8                          00010100
   f32 01000001101000000000000000000000
2. type  bits  min ..= max
   i8       8  -128 ..= 127
   i16     16  -32768 ..= 32767
   i32     32  -2147483648 ..= 2147483647
   i64     64  -9223372036854775808 ..= 9223372036854775807
   i128   128  -170141183460469231731687303715884105728 ..= 170141183460469231731687303715884105727
   u8       8  0 ..= 255
   u16     16  0 ..= 65535
   u32     32  0 ..= 4294967295
   u64     64  0 ..= 18446744073709551615
   u128   128  0 ..= 340282366920938463463374607431768211455
3. u8::MAX = 255 = 2 * i8::MAX + 1 = 255; u8::MIN = 0
4. 11101100 as u8 = 236, as i8 = -20
5. value sign exponent fraction
     inf 0    11111111 00000000000000000000000
    -inf 1    11111111 00000000000000000000000
     0.0 0    00000000 00000000000000000000000
    -0.0 1    00000000 00000000000000000000000
6. 0.0 == -0.0: true, same bits: false
   0x7fc00000 and 0x7fc00001 are both NaN: true true; a NaN equals itself: false
7. 0.1_f32 is stored as 0.10000000149011611938
