1. The program as written prints the same thing twice
   for num in my_array.iter().rev()   5 4 3 2 1 
   Vec<&i32>                         [5, 4, 3, 2, 1]
   Vec<i32>                          [5, 4, 3, 2, 1]
   Debug prints a &i32 by printing what it points at, so the
   two lines are identical and the type is invisible on screen.

2. Three ways to the sum, once the items are references
   .iter().copied().sum()            15   &&i32 -> &i32
   .iter().map(|n| **n).sum()        15   &&i32 -> i32
   .into_iter().sum()                15   items are &i32, vec consumed
   `.iter().sum::<i32>()` is the one that does not compile: `iter`
   on a Vec<&i32> hands out &&i32, and i32 sums &i32 but not &&i32.

3. Three routes to a Vec<i32>, and what the reference vec cost
   .iter().rev().copied()            [5, 4, 3, 2, 1]   Copy items, free
   .iter().rev().cloned()            [5, 4, 3, 2, 1]   same here, the general one
   .into_iter().rev()                [5, 4, 3, 2, 1]   arrays yield values (2021+)
   a &i32 is a pointer, and a pointer is usize-wide: true
   so Vec<&i32> stores one pointer per number where Vec<i32>
   stores the number — wider on any 64-bit target, and one
   indirection on every read. The borrow is not the cheap option.

4. rev() does not commute with skip or take either
   .skip(1).rev()                    [5, 4, 3, 2]   dropped 1, then reversed
   .rev().skip(1)                    [4, 3, 2, 1]   reversed, then dropped 5
   .take(2).rev()                    [2, 1]   kept the first two
   .rev().take(2)                    [5, 4]   kept the last two
   All four compile and none is wrong. "The last three, newest
   first" is `.rev().take(3)`; `.take(3).rev()` is the first three
   read backwards, which is a different set of rows.

5. Why a HashSet refuses rev() rather than picking an order
   `seen.iter().rev()` is E0277: hash_set::Iter is not
   DoubleEndedIterator. A hash set has no last element to walk
   back from — its iteration order is unspecified — so there is
   nothing for next_back to return. The refusal is the honest
   answer, and it arrives at compile time.
