Predict, field by field, what is still readable on `original`:

  retries   Copy      -> copied   -> 12 still readable
  verbose   Copy      -> copied   -> false still readable
  host      NOT Copy  -> MOVED    -> reading it is E0382
  notes     NOT Copy  -> not taken (we named it) -> "staging box" still readable

  amended = Config { retries: 12, verbose: false, host: "alpha", notes: "promoted" }

The rule in one line:
  `..base` moves exactly the fields you did NOT name,
  and only the non-Copy ones among those actually go dead.

Three ways to keep the base whole:
  1. name every non-Copy field   -> base alive: "beta"
  2. clone into the base slot    -> base alive: "beta"
  3. ..Default::default()        -> nothing to strand

  Config { retries: 3, verbose: true, host: "gamma", notes: "n/a" }
  Config { retries: 99, verbose: true, host: "beta", notes: "n/a" }
  Config { retries: 0, verbose: false, host: "delta", notes: "" }

And the syntax trap, which is its own error:
  Config { retries: 1, ..base, }
    error: cannot use a comma after the base struct
    note: the base struct must always be the last field
