1. Both model the same thing, and both work when used correctly
   hand-rolled: an integer 42
   hand-rolled: a float 2.5
   enum:        an integer 42
   enum:        a float 2.5

2. Now desynchronise the tag from the payload
   The constructors are careful. The STRUCT LITERAL is not, and it
   is just as legal — nothing marks this line as the mistake:
       Tagged { tag: Tag::Int, payload: Payload { float: 1.0 } }
   describe() says: an integer 1065353216
   ...which is 1.0's bit pattern read as an integer. Not a crash, not a
   warning, not even undefined behaviour here — just a silently wrong
   answer, which is the worse outcome of the two.

3. When it IS undefined behaviour
   Make the field a `bool` instead of a `u32` and the same desync reads
   1065353216 as a bool. Only 0 and 1 are valid bit patterns for bool, so
   that read is UB and the optimiser may assume it never happens.
   The union did not get less safe — the FIELD TYPE decided it.

4. The enum cannot express the bug at all
   There is no way to write a Number that says Int and stores an f32.
   `Number::Int(1.0)` is a type error, caught before the program runs:
       error[E0308]: mismatched types — expected `u32`, found floating-point
   The tag and the payload are the same construction, so they cannot drift.
   That is the entire trade: you give up choosing the layout, and you get
   an invariant the compiler maintains instead of one you promised to.

5. So when is a union still the right tool?
   When the layout is not yours to choose — a C API handing you a tagged
   union across FFI — or when reinterpreting bits IS the job. For the
   second, check std first: f32::to_bits, u32::from_ne_bytes and friends
   already cover most of it, safely.
